node.exe : npm warn Unknown user config "msvs_version". This will stop working in the next major version of npm.
위치 C:\Program Files\nodejs\npm.ps1:29 문자:3
+   & $NODE_EXE $NPM_CLI_JS $args
+   ~~~~~~~~~~~~~~~~~~~~~~~~~~~~~
    + CategoryInfo          : NotSpecified: (npm warn Unknow...version of npm.:String) [], RemoteException
    + FullyQualifiedErrorId : NativeCommandError
 
npm warn Unknown user config "msvs-version". This will stop working in the next major version of npm.

> serializable-bptree@7.1.0 test
> jest --runInBand mvcc_simple.test transaction.test.ts

FAIL test/transaction.test.ts
  ??BPTree Transaction (MVCC CoW) ??Sync Transaction ??should insert data in transaction without affecting base tree immediately

    Node 'null' (mapped: null) not found via MVCC read

    [0m [90m 90 |[39m
     [90m 91 |[39m     [90m// 臾몄젣??mappedId媛 New ID?몃뜲 mvccTx?먯꽌 紐?李얠븯????[39m
    [31m[1m>[22m[39m[90m 92 |[39m     [36mthrow[39m [36mnew[39m [33mError[39m([32m`Node '${id}' (mapped: ${mappedId}) n
ot found via MVCC read`[39m)
     [90m    |[39m           [31m[1m^[22m[39m
     [90m 93 |[39m   }
     [90m 94 |[39m
     [90m 95 |[39m   [36mprotected[39m bufferForNodeUpdate(node[33m:[39m [33mBPTreeUnknownNode[39m[33m<[39m[33mK[39m[33
m,[39m [33mV[39m[33m>[39m)[33m:[39m [36mvoid[39m {[0m

      at BPTreeSyncTransaction.getNode (src/transaction/BPTreeSyncTransaction.ts:92:11)
      at BPTreeSyncTransaction._insertInParent (src/base/BPTreeSyncBase.ts:363:29)
      at BPTreeSyncTransaction.insert (src/base/BPTreeSyncBase.ts:825:12)
      at Object.<anonymous> (test/transaction.test.ts:24:10)

  ??BPTree Transaction (MVCC CoW) ??Sync Transaction ??should handle node splitting (CoW Bubble Up) correctly

    Node 'null' (mapped: null) not found via MVCC read

    [0m [90m 90 |[39m
     [90m 91 |[39m     [90m// 臾몄젣??mappedId媛 New ID?몃뜲 mvccTx?먯꽌 紐?李얠븯????[39m
    [31m[1m>[22m[39m[90m 92 |[39m     [36mthrow[39m [36mnew[39m [33mError[39m([32m`Node '${id}' (mapped: ${mappedId}) n
ot found via MVCC read`[39m)
     [90m    |[39m           [31m[1m^[22m[39m
     [90m 93 |[39m   }
     [90m 94 |[39m
     [90m 95 |[39m   [36mprotected[39m bufferForNodeUpdate(node[33m:[39m [33mBPTreeUnknownNode[39m[33m<[39m[33mK[39m[33
m,[39m [33mV[39m[33m>[39m)[33m:[39m [36mvoid[39m {[0m

      at BPTreeSyncTransaction.getNode (src/transaction/BPTreeSyncTransaction.ts:92:11)
      at BPTreeSyncTransaction._insertInParent (src/base/BPTreeSyncBase.ts:363:29)
      at BPTreeSyncTransaction.insert (src/base/BPTreeSyncBase.ts:825:12)
      at Object.<anonymous> (test/transaction.test.ts:67:10)

  ??BPTree Transaction (MVCC CoW) ??Sync Transaction ??should handle complex delete causing root shrink

    Node 'null' (mapped: null) not found via MVCC read

    [0m [90m 90 |[39m
     [90m 91 |[39m     [90m// 臾몄젣??mappedId媛 New ID?몃뜲 mvccTx?먯꽌 紐?李얠븯????[39m
    [31m[1m>[22m[39m[90m 92 |[39m     [36mthrow[39m [36mnew[39m [33mError[39m([32m`Node '${id}' (mapped: ${mappedId}) n
ot found via MVCC read`[39m)
     [90m    |[39m           [31m[1m^[22m[39m
     [90m 93 |[39m   }
     [90m 94 |[39m
     [90m 95 |[39m   [36mprotected[39m bufferForNodeUpdate(node[33m:[39m [33mBPTreeUnknownNode[39m[33m<[39m[33mK[39m[33
m,[39m [33mV[39m[33m>[39m)[33m:[39m [36mvoid[39m {[0m

      at BPTreeSyncTransaction.getNode (src/transaction/BPTreeSyncTransaction.ts:92:11)
      at BPTreeSyncTransaction._insertInParent (src/base/BPTreeSyncBase.ts:363:29)
      at BPTreeSyncTransaction.insert (src/base/BPTreeSyncBase.ts:825:12)
      at BPTreeSync.insert (src/BPTreeSync.ts:39:8)
      at test/transaction.test.ts:112:32
          at Array.forEach (<anonymous>)
      at Object.<anonymous> (test/transaction.test.ts:112:14)

  ??BPTree Transaction (MVCC CoW) ??Sync Transaction ??Stress Test: 500 random operations in a single transaction (Sync)

    Node 'null' (mapped: null) not found via MVCC read

    [0m [90m 90 |[39m
     [90m 91 |[39m     [90m// 臾몄젣??mappedId媛 New ID?몃뜲 mvccTx?먯꽌 紐?李얠븯????[39m
    [31m[1m>[22m[39m[90m 92 |[39m     [36mthrow[39m [36mnew[39m [33mError[39m([32m`Node '${id}' (mapped: ${mappedId}) n
ot found via MVCC read`[39m)
     [90m    |[39m           [31m[1m^[22m[39m
     [90m 93 |[39m   }
     [90m 94 |[39m
     [90m 95 |[39m   [36mprotected[39m bufferForNodeUpdate(node[33m:[39m [33mBPTreeUnknownNode[39m[33m<[39m[33mK[39m[33
m,[39m [33mV[39m[33m>[39m)[33m:[39m [36mvoid[39m {[0m

      at BPTreeSyncTransaction.getNode (src/transaction/BPTreeSyncTransaction.ts:92:11)
      at BPTreeSyncTransaction._insertInParent (src/base/BPTreeSyncBase.ts:363:29)
      at BPTreeSyncTransaction.insert (src/base/BPTreeSyncBase.ts:825:12)
      at BPTreeSync.insert (src/BPTreeSync.ts:39:8)
      at Object.<anonymous> (test/transaction.test.ts:127:14)

  ??BPTree Transaction (MVCC CoW) ??Async Transaction ??should handle complex delete for async

    Node 'null' (mapped: null) not found via MVCC read

    [0m [90m 76 |[39m     [90m// In-Place媛 ?꾨땲誘濡?Disk???놁쓣 媛?μ꽦????New ID). [39m
     [90m 77 |[39m     [90m// ?섏?留??ш린源뚯? ?붾떎硫??쇰━???ㅻ쪟?????덉쑝?? ?쇰떒 ?덉쇅 泥섎━[39m
    [31m[1m>[22m[39m[90m 78 |[39m     [36mthrow[39m [36mnew[39m [33mError[39m([32m`Node '${id}' (mapped: ${mappedId}) n
ot found via MVCC read`[39m)
     [90m    |[39m           [31m[1m^[22m[39m
     [90m 79 |[39m   }
     [90m 80 |[39m
     [90m 81 |[39m   [36mprotected[39m [36masync[39m bufferForNodeUpdate(node[33m:[39m [33mBPTreeUnknownNode[39m[33m<[39
m[33mK[39m[33m,[39m [33mV[39m[33m>[39m)[33m:[39m [33mPromise[39m[33m<[39m[36mvoid[39m[33m>[39m {[0m

      at BPTreeAsyncTransaction.getNode (src/transaction/BPTreeAsyncTransaction.ts:78:11)
      at BPTreeAsyncTransaction._insertInParent (src/base/BPTreeAsyncBase.ts:366:24)
      at src/base/BPTreeAsyncBase.ts:831:9
      at BPTreeAsyncTransaction.writeLock (src/transaction/BPTreeAsyncTransaction.ts:230:12)
      at BPTreeAsyncTransaction.insert (src/base/BPTreeAsyncBase.ts:812:5)
      at BPTreeAsync.insert (src/BPTreeAsync.ts:34:5)
      at Object.<anonymous> (test/transaction.test.ts:186:9)

  ??BPTree Transaction (MVCC CoW) ??Async Transaction ??Stress Test: 500 random operations in a single transaction

    Node 'null' (mapped: null) not found via MVCC read

    [0m [90m 76 |[39m     [90m// In-Place媛 ?꾨땲誘濡?Disk???놁쓣 媛?μ꽦????New ID). [39m
     [90m 77 |[39m     [90m// ?섏?留??ш린源뚯? ?붾떎硫??쇰━???ㅻ쪟?????덉쑝?? ?쇰떒 ?덉쇅 泥섎━[39m
    [31m[1m>[22m[39m[90m 78 |[39m     [36mthrow[39m [36mnew[39m [33mError[39m([32m`Node '${id}' (mapped: ${mappedId}) n
ot found via MVCC read`[39m)
     [90m    |[39m           [31m[1m^[22m[39m
     [90m 79 |[39m   }
     [90m 80 |[39m
     [90m 81 |[39m   [36mprotected[39m [36masync[39m bufferForNodeUpdate(node[33m:[39m [33mBPTreeUnknownNode[39m[33m<[39
m[33mK[39m[33m,[39m [33mV[39m[33m>[39m)[33m:[39m [33mPromise[39m[33m<[39m[36mvoid[39m[33m>[39m {[0m

      at BPTreeAsyncTransaction.getNode (src/transaction/BPTreeAsyncTransaction.ts:78:11)
      at BPTreeAsyncTransaction._insertInParent (src/base/BPTreeAsyncBase.ts:366:24)
      at src/base/BPTreeAsyncBase.ts:831:9
      at BPTreeAsyncTransaction.writeLock (src/transaction/BPTreeAsyncTransaction.ts:230:12)
      at BPTreeAsyncTransaction.insert (src/base/BPTreeAsyncBase.ts:812:5)
      at BPTreeAsync.insert (src/BPTreeAsync.ts:34:5)
      at Object.<anonymous> (test/transaction.test.ts:205:9)

  ??BPTree Transaction (MVCC CoW) ??Async Transaction ??Concurrency Test: Multiple parallel transactions with some conflicts

    Key not found: 2

    [0m [90m  97 |[39m
     [90m  98 |[39m     [36mawait[39m [36mthis[39m[33m.[39mmvccTx[33m.[39mcreate(newId[33m,[39m node)
    [31m[1m>[22m[39m[90m  99 |[39m     [36mawait[39m [36mthis[39m[33m.[39mmvccTx[33m.[39m[36mdelete[39m(originalId)
     [90m     |[39m                             [31m[1m^[22m[39m
     [90m 100 |[39m
     [90m 101 |[39m     [36mawait[39m [36mthis[39m[33m.[39mupdateRootId(node)
     [90m 102 |[39m[0m

      at _AsyncMVCCTransaction.delete (node_modules/mvcc-api/dist/cjs/index.cjs:824:13)
      at BPTreeAsyncTransaction.bufferForNodeUpdate (src/transaction/BPTreeAsyncTransaction.ts:99:29)
      at src/base/BPTreeAsyncBase.ts:857:13
      at BPTreeAsyncTransaction.writeLock (src/transaction/BPTreeAsyncTransaction.ts:230:12)
      at BPTreeAsyncTransaction.delete (src/base/BPTreeAsyncBase.ts:842:5)
      at Object.<anonymous> (test/transaction.test.ts:249:7)

  ??BPTree Transaction (MVCC CoW) ??Async Transaction ??should populate obsoleteNodes and delete from storage on commit

    Key not found: 2

    [0m [90m  97 |[39m
     [90m  98 |[39m     [36mawait[39m [36mthis[39m[33m.[39mmvccTx[33m.[39mcreate(newId[33m,[39m node)
    [31m[1m>[22m[39m[90m  99 |[39m     [36mawait[39m [36mthis[39m[33m.[39mmvccTx[33m.[39m[36mdelete[39m(originalId)
     [90m     |[39m                             [31m[1m^[22m[39m
     [90m 100 |[39m
     [90m 101 |[39m     [36mawait[39m [36mthis[39m[33m.[39mupdateRootId(node)
     [90m 102 |[39m[0m

      at _AsyncMVCCTransaction.delete (node_modules/mvcc-api/dist/cjs/index.cjs:824:13)
      at BPTreeAsyncTransaction.bufferForNodeUpdate (src/transaction/BPTreeAsyncTransaction.ts:99:29)
      at src/base/BPTreeAsyncBase.ts:857:13
      at BPTreeAsyncTransaction.writeLock (src/transaction/BPTreeAsyncTransaction.ts:230:12)
      at BPTreeAsyncTransaction.delete (src/base/BPTreeAsyncBase.ts:842:5)
      at Object.<anonymous> (test/transaction.test.ts:298:7)

PASS test/mvcc_simple.test.ts

Test Suites: 1 failed, 1 passed, 2 total
Tests:       8 failed, 1 skipped, 6 passed, 15 total
Snapshots:   0 total
Time:        3.555 s, estimated 6 s
Ran all test suites matching mvcc_simple.test|transaction.test.ts.
